// Jest Snapshot v1, https://goo.gl/fbAQLP

exports[`it should render correctly the Todo componet 1`] = `
<div
  className="Form"
>
  <p>
    Todo list
  </p>
  <form
    onSubmit={[Function]}
  >
    <input
      type="text"
    />
    <button
      type="submit"
    >
      Add a Todo
    </button>
  </form>
  <ul
    className="Todo-list"
  />
</div>
`;
